// Jest Snapshot v1, https://goo.gl/fbAQLP

exports[`App component renders App 1`] = `
<DocumentFragment>
  <div
    class="headerContainer"
  >
    <p
      class="headerText"
    >
      deliver()
    </p>
  </div>
  <div
    class="mainContainer"
  >
    <div
      class="historyContainer"
    >
      <div
        class="containerTop"
      >
        <p
          class="textContent"
        >
          History
        </p>
        <img
          alt="history"
          class="historyIcon"
          src="../../history.svg"
        />
      </div>
      <ul />
    </div>
    <div
      class="rightContainer"
    >
      <form>
        <div>
          <label>
            <input
              class="urlInput"
              name="url"
              placeholder="Enter URL"
              type="text"
              value=""
            />
          </label>
          <button
            class="submitButton"
          >
            GO
          </button>
        </div>
        <div
          class="radioContainer"
        >
          <label
            class="radioLabel"
          >
            <input
              checked=""
              name="method"
              type="radio"
              value="GET"
            />
            <span>
              GET
            </span>
          </label>
          <label
            class="radioLabel"
          >
            <input
              name="method"
              type="radio"
              value="POST"
            />
            <span>
              POST
            </span>
          </label>
          <label
            class="radioLabel"
          >
            <input
              name="method"
              type="radio"
              value="PUT"
            />
            <span>
              PUT
            </span>
          </label>
          <label
            class="radioLabel"
          >
            <input
              name="method"
              type="radio"
              value="DELETE"
            />
            <span>
              DELETE
            </span>
          </label>
        </div>
        <div>
          <label>
            <textarea
              class="textArea"
              name="reqBody"
              placeholder="raw JSON body"
              type="text"
            />
          </label>
        </div>
      </form>
      <div
        class="responseContainer"
      >
        <pre
          class="response"
        />
      </div>
    </div>
  </div>
</DocumentFragment>
`;
